theorem ex1 : ∀ {p q : Prop}, (p ↔ q) → P q → P p :=
fun {p q} h h' => (id (propext (P_congr p q h))).mpr h'
theorem ex2 : ∀ {p q : Prop}, p = q → P q → P p :=
fun {p q} h h' => (id (propext (P_congr p q (Iff.of_eq h)))).mpr h'
