2040.lean:5:8-5:13: error: failed to synthesize instance
  HPow Nat Nat Int
2040.lean:11:8-11:13: error: failed to synthesize instance
  HPow Nat Nat Int
2040.lean:17:8-17:13: error: failed to synthesize instance
  HPow Nat Nat Int
2040.lean:15:2-17:22: error: type mismatch
  trans (sorryAx (a = 37)) (sorryAx (37 = 2 ^ n))
has type
  a = @OfNat.ofNat Nat 2 (instOfNatNat 2) ^ n : Prop
but is expected to have type
  a = @OfNat.ofNat Int 2 instOfNatInt ^ n : Prop
