classBadOutParam.lean:2:0-3:9: error: invalid class, parameter #2 depends on `outParam`, but it is not an `outParam`
