eraseInsts.lean:12:22-12:27: error: failed to synthesize
  HAdd Foo Foo ?m
Additional diagnostic information may be available by using the `set_option diagnostics true` command.
