mvarAtDefaultValue.lean:4:0-5:8: error: invalid default value for field, it contains metavariables
  ?m
mvarAtDefaultValue.lean:7:0-8:12: error: invalid default value for field, it contains metavariables
  ?m + 1
