rawStringEOF.lean:1:7: error: unterminated raw string literal
